
	Sponsored License -- for use in support of a program or activity sponsored by MathWorks.
	Not for government, commercial or other non-sponsored organizational use.

正在用 trainnet 训练 MLP...
错误: 预测变量中的观测值数目(10)和目标中的观测值数目(3)必须匹配。请检查数据和网络是否一致。
标识符: deep:train:NumObservationsMismatchTraining
